/home/luki/Desktop/Grips/grips_java/src/main/java/com/grips/protobuf_lib/RobotMessageRegister.java
/home/luki/Desktop/Grips/grips_java/src/main/java/org/robocup_logistics/llsf_tools/ReportMachine.java
/home/luki/Desktop/Grips/grips_java/src/main/java/org/robocup_logistics/llsf_encryption/BufferDecryptor.java
/home/luki/Desktop/Grips/grips_java/src/main/java/com/grips/protobuf_lib/Config.java
/home/luki/Desktop/Grips/grips_java/src/main/java/org/robocup_logistics/llsf_comm/ProtobufClient.java
/home/luki/Desktop/Grips/grips_java/src/main/java/org/robocup_logistics/llsf_comm/ProtobufBroadcastPeer.java
/home/luki/Desktop/Grips/grips_java/src/main/java/org/robocup_logistics/llsf_msgs/OrderInfoProtos.java
/home/luki/Desktop/Grips/grips_java/src/main/java/org/robocup_logistics/llsf_msgs/VersionProtos.java
/home/luki/Desktop/Grips/grips_java/src/main/java/org/robocup_logistics/llsf_msgs/PrsTaskProtos.java
/home/luki/Desktop/Grips/grips_java/src/main/java/org/robocup_logistics/llsf_exceptions/UnknownEncryptionMethodException.java
/home/luki/Desktop/Grips/grips_java/src/main/java/org/robocup_logistics/llsf_msgs/TimeProtos.java
/home/luki/Desktop/Grips/grips_java/src/main/java/org/robocup_logistics/llsf_exceptions/UnknownProtocolVersionException.java
/home/luki/Desktop/Grips/grips_java/src/main/java/org/robocup_logistics/llsf_msgs/AttentionMessageProtos.java
/home/luki/Desktop/Grips/grips_java/src/main/java/org/robocup_logistics/llsf_msgs/ZoneProtos.java
/home/luki/Desktop/Grips/grips_java/src/main/java/org/robocup_logistics/llsf_msgs/RobotInfoProtos.java
/home/luki/Desktop/Grips/grips_java/src/main/java/org/robocup_logistics/llsf_encryption/KeyConverter.java
/home/luki/Desktop/Grips/grips_java/src/main/java/org/robocup_logistics/llsf_msgs/ReportAllMachinesProtos.java
/home/luki/Desktop/Grips/grips_java/src/main/java/org/robocup_logistics/llsf_msgs/GameStateProtos.java
/home/luki/Desktop/Grips/grips_java/src/main/java/org/robocup_logistics/llsf_utils/NanoSecondsTimestampProvider.java
/home/luki/Desktop/Grips/grips_java/src/main/java/org/robocup_logistics/llsf_comm/ProtobufFrameHeader.java
/home/luki/Desktop/Grips/grips_java/src/main/java/org/robocup_logistics/llsf_tools/FakeRobot.java
/home/luki/Desktop/Grips/grips_java/src/main/java/org/robocup_logistics/llsf_utils/Key.java
/home/luki/Desktop/Grips/grips_java/src/main/java/org/robocup_logistics/llsf_msgs/RingInfoProtos.java
/home/luki/Desktop/Grips/grips_java/src/main/java/org/robocup_logistics/llsf_exceptions/EncryptedStreamMessageException.java
/home/luki/Desktop/Grips/grips_java/src/main/java/org/robocup_logistics/llsf_comm/ProtobufMessageHandler.java
/home/luki/Desktop/Grips/grips_java/src/main/java/com/grips/model/teamserver/Robot.java
/home/luki/Desktop/Grips/grips_java/src/main/java/org/robocup_logistics/llsf_encryption/BufferEncryptor.java
/home/luki/Desktop/Grips/grips_java/src/main/java/org/robocup_logistics/llsf_msgs/ProductColorProtos.java
/home/luki/Desktop/Grips/grips_java/src/main/java/org/robocup_logistics/llsf_msgs/MachineOrientationStateUpdateProtos.java
/home/luki/Desktop/Grips/grips_java/src/main/java/org/robocup_logistics/llsf_msgs/MachineReportProtos.java
/home/luki/Desktop/Grips/grips_java/src/main/java/org/robocup_logistics/llsf_example/Handler.java
/home/luki/Desktop/Grips/grips_java/src/main/java/com/grips/protobuf_lib/ProtobufServer.java
/home/luki/Desktop/Grips/grips_java/src/main/java/org/robocup_logistics/llsf_msgs/RobotMachineReportProtos.java
/home/luki/Desktop/Grips/grips_java/src/main/java/com/grips/protobuf_lib/RobotConnections.java
/home/luki/Desktop/Grips/grips_java/src/main/java/org/robocup_logistics/llsf_msgs/MachineInstructionProtos.java
/home/luki/Desktop/Grips/grips_java/src/main/java/org/robocup_logistics/llsf_msgs/ExplorationInfoProtos.java
/home/luki/Desktop/Grips/grips_java/src/main/java/org/robocup_logistics/llsf_msgs/RobotCommandsProtos.java
/home/luki/Desktop/Grips/grips_java/src/main/java/org/robocup_logistics/llsf_msgs/Pose2DProtos.java
/home/luki/Desktop/Grips/grips_java/src/main/java/org/robocup_logistics/llsf_msgs/GameInfoProtos.java
/home/luki/Desktop/Grips/grips_java/src/main/java/org/robocup_logistics/llsf_msgs/TeamProtos.java
/home/luki/Desktop/Grips/grips_java/src/main/java/org/robocup_logistics/llsf_example/User.java
/home/luki/Desktop/Grips/grips_java/src/main/java/org/robocup_logistics/llsf_utils/JavaTypeConvert.java
/home/luki/Desktop/Grips/grips_java/src/main/java/org/robocup_logistics/llsf_msgs/RobotBeaconSignalProtos.java
/home/luki/Desktop/Grips/grips_java/src/main/java/org/robocup_logistics/llsf_msgs/BeaconSignalProtos.java
/home/luki/Desktop/Grips/grips_java/src/main/java/org/robocup_logistics/llsf_msgs/SimTimeSyncProtos.java
/home/luki/Desktop/Grips/grips_java/src/main/java/org/robocup_logistics/llsf_msgs/MachineDescriptionProtos.java
/home/luki/Desktop/Grips/grips_java/src/main/java/org/robocup_logistics/llsf_msgs/MachineCommandsProtos.java
/home/luki/Desktop/Grips/grips_java/src/main/java/org/robocup_logistics/llsf_comm/ProtobufMessage.java
/home/luki/Desktop/Grips/grips_java/src/main/java/org/robocup_logistics/llsf_msgs/MachineInfoProtos.java
